Component: ARM Compiler 5.06 update 7 (build 960) Tool: armlink [4d3601]

==============================================================================

Section Cross References

    cortexm3_driver.o(i.delay) refers to cortexm3_driver.o(i.Set_SysTick_CTRL) for Set_SysTick_CTRL
    cortexm3_driver.o(i.delay) refers to cortexm3_driver.o(i.Set_SysTick_LOAD) for Set_SysTick_LOAD
    cortexm3_driver.o(i.delay) refers to cortexm3_driver.o(i.Set_SysTick_VALUE) for Set_SysTick_VALUE
    cortexm3_driver.o(i.delay_1ms) refers to cortexm3_driver.o(i.delay) for delay
    handler.o(i.SysTickHandler) refers to cortexm3_driver.o(i.Set_SysTick_CTRL) for Set_SysTick_CTRL
    handler.o(i.UARTRXHandler) refers to uart.o(i.uart_ReceiveChar) for uart_ReceiveChar
    handler.o(i.UARTRXHandler) refers to uart.o(i.uart_SendString) for uart_SendString
    handler.o(i.UARTRXHandler) refers to uart.o(i.uart_SendChar) for uart_SendChar
    main.o(i.main) refers to system.o(i.SystemInit) for SystemInit
    main.o(i.main) refers to uart.o(i.uart_SendString) for uart_SendString
    main.o(i.main) refers to gpio.o(i.GPIO_Init) for GPIO_Init
    main.o(i.main) refers to gpio.o(i.GPIO_SetBits) for GPIO_SetBits
    main.o(i.main) refers to gpio.o(i.GPIO_ReadInputDataBit) for GPIO_ReadInputDataBit
    main.o(i.main) refers to gpio.o(i.GPIO_ResetBits) for GPIO_ResetBits
    main.o(i.main) refers to system.o(.data) for SystemCoreClock
    retarget.o(i._ttywrch) refers to uart.o(i.uart_SendChar) for uart_SendChar
    retarget.o(i.fgetc) refers to uart.o(i.uart_ReceiveChar) for uart_ReceiveChar
    retarget.o(i.fgetc) refers to uart.o(i.uart_SendChar) for uart_SendChar
    retarget.o(i.fputc) refers to uart.o(i.uart_SendChar) for uart_SendChar
    startup_cm3ds.o(RESET) refers to startup_cm3ds.o(STACK) for __initial_sp
    startup_cm3ds.o(RESET) refers to startup_cm3ds.o(.text) for Reset_Handler
    startup_cm3ds.o(RESET) refers to system.o(i.SysTick_Handler) for SysTick_Handler
    startup_cm3ds.o(.text) refers to handler.o(i.NMIHandler) for NMIHandler
    startup_cm3ds.o(.text) refers to handler.o(i.HardFaultHandler) for HardFaultHandler
    startup_cm3ds.o(.text) refers to handler.o(i.MemManageHandler) for MemManageHandler
    startup_cm3ds.o(.text) refers to handler.o(i.BusFaultHandler) for BusFaultHandler
    startup_cm3ds.o(.text) refers to handler.o(i.UsageFaultHandler) for UsageFaultHandler
    startup_cm3ds.o(.text) refers to handler.o(i.SVCHandler) for SVCHandler
    startup_cm3ds.o(.text) refers to handler.o(i.DebugMonHandler) for DebugMonHandler
    startup_cm3ds.o(.text) refers to handler.o(i.PendSVHandler) for PendSVHandler
    startup_cm3ds.o(.text) refers to handler.o(i.SysTickHandler) for SysTickHandler
    startup_cm3ds.o(.text) refers to handler.o(i.UARTRXHandler) for UARTRXHandler
    startup_cm3ds.o(.text) refers to handler.o(i.UARTTXHandler) for UARTTXHandler
    startup_cm3ds.o(.text) refers to handler.o(i.UARTOVRHandler) for UARTOVRHandler
    startup_cm3ds.o(.text) refers to system.o(i.SystemInit) for SystemInit
    startup_cm3ds.o(.text) refers to entry.o(.ARM.Collect$$$$00000000) for __main
    system.o(i.Delay) refers to system.o(.data) for SystemTicks
    system.o(i.SysTick_Handler) refers to system.o(.data) for SystemTicks
    system.o(i.SystemCoreClockUpdate) refers to system.o(.data) for SystemCoreClock
    system.o(i.SystemInit) refers to uart.o(i.uart_init) for uart_init
    system.o(i.SystemInit) refers to system.o(.data) for SystemCoreClock
    gpio.o(i.GPIO_Init) refers to gpio.o(i.GPIO_Config) for GPIO_Config
    uart.o(i.uart_SendString) refers to strlen.o(.text) for strlen
    uart.o(i.uart_SendString) refers to uart.o(i.uart_SendChar) for uart_SendChar
    entry.o(.ARM.Collect$$$$00000000) refers (Special) to entry10a.o(.ARM.Collect$$$$0000000F) for __rt_final_cpp
    entry.o(.ARM.Collect$$$$00000000) refers (Special) to entry11a.o(.ARM.Collect$$$$00000011) for __rt_final_exit
    entry.o(.ARM.Collect$$$$00000000) refers (Special) to entry12b.o(.ARM.Collect$$$$0000000E) for __rt_lib_shutdown_fini
    entry.o(.ARM.Collect$$$$00000000) refers (Special) to entry7b.o(.ARM.Collect$$$$00000008) for _main_clock
    entry.o(.ARM.Collect$$$$00000000) refers (Special) to entry8b.o(.ARM.Collect$$$$0000000A) for _main_cpp_init
    entry.o(.ARM.Collect$$$$00000000) refers (Special) to entry9a.o(.ARM.Collect$$$$0000000B) for _main_init
    entry.o(.ARM.Collect$$$$00000000) refers (Special) to entry5.o(.ARM.Collect$$$$00000004) for _main_scatterload
    entry.o(.ARM.Collect$$$$00000000) refers (Special) to entry2.o(.ARM.Collect$$$$00000001) for _main_stk
    entry2.o(.ARM.Collect$$$$00000001) refers to entry2.o(.ARM.Collect$$$$00002712) for __lit__00000000
    entry2.o(.ARM.Collect$$$$00002712) refers to startup_cm3ds.o(STACK) for __initial_sp
    entry2.o(__vectab_stack_and_reset_area) refers to startup_cm3ds.o(STACK) for __initial_sp
    entry2.o(__vectab_stack_and_reset_area) refers to entry.o(.ARM.Collect$$$$00000000) for __main
    entry5.o(.ARM.Collect$$$$00000004) refers to init.o(.text) for __scatterload
    entry9a.o(.ARM.Collect$$$$0000000B) refers to main.o(i.main) for main
    entry9b.o(.ARM.Collect$$$$0000000C) refers to main.o(i.main) for main
    init.o(.text) refers to entry5.o(.ARM.Collect$$$$00000004) for __main_after_scatterload


==============================================================================

Removing Unused input sections from the image.

    Removing cortexm3_driver.o(.rev16_text), (4 bytes).
    Removing cortexm3_driver.o(.revsh_text), (4 bytes).
    Removing cortexm3_driver.o(i.Read_SysTick_VALUE), (8 bytes).
    Removing cortexm3_driver.o(i.Set_SysTick_LOAD), (8 bytes).
    Removing cortexm3_driver.o(i.Set_SysTick_VALUE), (8 bytes).
    Removing cortexm3_driver.o(i.Timer_Ini), (42 bytes).
    Removing cortexm3_driver.o(i.Timer_Stop), (28 bytes).
    Removing cortexm3_driver.o(i.delay), (32 bytes).
    Removing cortexm3_driver.o(i.delay_1ms), (12 bytes).
    Removing handler.o(.rev16_text), (4 bytes).
    Removing handler.o(.revsh_text), (4 bytes).
    Removing main.o(.rev16_text), (4 bytes).
    Removing main.o(.revsh_text), (4 bytes).
    Removing retarget.o(.rev16_text), (4 bytes).
    Removing retarget.o(.revsh_text), (4 bytes).
    Removing retarget.o(i._sys_exit), (4 bytes).
    Removing retarget.o(i._ttywrch), (16 bytes).
    Removing retarget.o(i.ferror), (8 bytes).
    Removing retarget.o(i.fgetc), (34 bytes).
    Removing retarget.o(i.fputc), (32 bytes).
    Removing retarget.o(.bss), (168 bytes).
    Removing startup_cm3ds.o(HEAP), (32768 bytes).
    Removing system.o(.rev16_text), (4 bytes).
    Removing system.o(.revsh_text), (4 bytes).
    Removing system.o(i.Delay), (24 bytes).
    Removing system.o(i.SystemCoreClockUpdate), (16 bytes).
    Removing gpio.o(.rev16_text), (4 bytes).
    Removing gpio.o(.revsh_text), (4 bytes).
    Removing gpio.o(i.GPIO_ReadInputData), (8 bytes).
    Removing gpio.o(i.GPIO_ReadOutputData), (8 bytes).
    Removing gpio.o(i.GPIO_ReadOutputDataBit), (18 bytes).
    Removing gpio.o(i.GPIO_Write), (4 bytes).
    Removing gpio.o(i.GPIO_WriteBit), (18 bytes).
    Removing uart.o(.rev16_text), (4 bytes).
    Removing uart.o(.revsh_text), (4 bytes).
    Removing uart.o(i.uart_ClearOverrunStatus), (14 bytes).
    Removing uart.o(i.uart_ClearRxIRQ), (6 bytes).
    Removing uart.o(i.uart_ClearTxIRQ), (6 bytes).
    Removing uart.o(i.uart_GetBaudDivider), (6 bytes).
    Removing uart.o(i.uart_GetOverrunStatus), (10 bytes).
    Removing uart.o(i.uart_GetRxBufferFull), (10 bytes).
    Removing uart.o(i.uart_GetRxIRQStatus), (10 bytes).
    Removing uart.o(i.uart_GetTxBufferFull), (10 bytes).
    Removing uart.o(i.uart_GetTxIRQStatus), (10 bytes).

44 unused section(s) (total 33402 bytes) removed from the image.

==============================================================================

Image Symbol Table

    Local Symbols

    Symbol Name                              Value     Ov Type        Size  Object(Section)

    RESET                                    0x00000000   Section       76  startup_cm3ds.o(RESET)
    ../clib/microlib/init/entry.s            0x00000000   Number         0  entry7b.o ABSOLUTE
    ../clib/microlib/init/entry.s            0x00000000   Number         0  entry.o ABSOLUTE
    ../clib/microlib/init/entry.s            0x00000000   Number         0  entry2.o ABSOLUTE
    ../clib/microlib/init/entry.s            0x00000000   Number         0  entry5.o ABSOLUTE
    ../clib/microlib/init/entry.s            0x00000000   Number         0  entry12b.o ABSOLUTE
    ../clib/microlib/init/entry.s            0x00000000   Number         0  entry12a.o ABSOLUTE
    ../clib/microlib/init/entry.s            0x00000000   Number         0  entry11a.o ABSOLUTE
    ../clib/microlib/init/entry.s            0x00000000   Number         0  entry10b.o ABSOLUTE
    ../clib/microlib/init/entry.s            0x00000000   Number         0  entry10a.o ABSOLUTE
    ../clib/microlib/init/entry.s            0x00000000   Number         0  entry9b.o ABSOLUTE
    ../clib/microlib/init/entry.s            0x00000000   Number         0  entry9a.o ABSOLUTE
    ../clib/microlib/init/entry.s            0x00000000   Number         0  entry11b.o ABSOLUTE
    ../clib/microlib/init/entry.s            0x00000000   Number         0  entry8b.o ABSOLUTE
    ../clib/microlib/init/entry.s            0x00000000   Number         0  entry8a.o ABSOLUTE
    ../clib/microlib/init/entry.s            0x00000000   Number         0  entry7a.o ABSOLUTE
    ../clib/microlib/string/strlen.c         0x00000000   Number         0  strlen.o ABSOLUTE
    Core\CortexM3_driver.c                   0x00000000   Number         0  cortexm3_driver.o ABSOLUTE
    Core\Retarget.c                          0x00000000   Number         0  retarget.o ABSOLUTE
    Core\\CortexM3_driver.c                  0x00000000   Number         0  cortexm3_driver.o ABSOLUTE
    Core\\Retarget.c                         0x00000000   Number         0  retarget.o ABSOLUTE
    Core\\handler.c                          0x00000000   Number         0  handler.o ABSOLUTE
    Core\\main.c                             0x00000000   Number         0  main.o ABSOLUTE
    Core\\system.c                           0x00000000   Number         0  system.o ABSOLUTE
    Core\handler.c                           0x00000000   Number         0  handler.o ABSOLUTE
    Core\main.c                              0x00000000   Number         0  main.o ABSOLUTE
    Core\startup_CM3DS.s                     0x00000000   Number         0  startup_cm3ds.o ABSOLUTE
    Core\system.c                            0x00000000   Number         0  system.o ABSOLUTE
    Peripheral\\gpio.c                       0x00000000   Number         0  gpio.o ABSOLUTE
    Peripheral\\uart.c                       0x00000000   Number         0  uart.o ABSOLUTE
    Peripheral\gpio.c                        0x00000000   Number         0  gpio.o ABSOLUTE
    Peripheral\uart.c                        0x00000000   Number         0  uart.o ABSOLUTE
    dc.s                                     0x00000000   Number         0  dc.o ABSOLUTE
    handlers.s                               0x00000000   Number         0  handlers.o ABSOLUTE
    init.s                                   0x00000000   Number         0  init.o ABSOLUTE
    .ARM.Collect$$$$00000000                 0x0000004c   Section        0  entry.o(.ARM.Collect$$$$00000000)
    .ARM.Collect$$$$00000001                 0x0000004c   Section        4  entry2.o(.ARM.Collect$$$$00000001)
    .ARM.Collect$$$$00000004                 0x00000050   Section        4  entry5.o(.ARM.Collect$$$$00000004)
    .ARM.Collect$$$$00000008                 0x00000054   Section        0  entry7b.o(.ARM.Collect$$$$00000008)
    .ARM.Collect$$$$0000000A                 0x00000054   Section        0  entry8b.o(.ARM.Collect$$$$0000000A)
    .ARM.Collect$$$$0000000B                 0x00000054   Section        8  entry9a.o(.ARM.Collect$$$$0000000B)
    .ARM.Collect$$$$0000000E                 0x0000005c   Section        4  entry12b.o(.ARM.Collect$$$$0000000E)
    .ARM.Collect$$$$0000000F                 0x00000060   Section        0  entry10a.o(.ARM.Collect$$$$0000000F)
    .ARM.Collect$$$$00000011                 0x00000060   Section        0  entry11a.o(.ARM.Collect$$$$00000011)
    .ARM.Collect$$$$00002712                 0x00000060   Section        4  entry2.o(.ARM.Collect$$$$00002712)
    __lit__00000000                          0x00000060   Data           4  entry2.o(.ARM.Collect$$$$00002712)
    .text                                    0x00000064   Section      112  startup_cm3ds.o(.text)
    .text                                    0x000000d4   Section        0  strlen.o(.text)
    .text                                    0x000000e4   Section       36  init.o(.text)
    i.BusFaultHandler                        0x00000108   Section        0  handler.o(i.BusFaultHandler)
    i.DebugMonHandler                        0x0000010a   Section        0  handler.o(i.DebugMonHandler)
    i.GPIO_Config                            0x0000010c   Section        0  gpio.o(i.GPIO_Config)
    i.GPIO_Init                              0x00000138   Section        0  gpio.o(i.GPIO_Init)
    i.GPIO_ReadInputDataBit                  0x0000016a   Section        0  gpio.o(i.GPIO_ReadInputDataBit)
    i.GPIO_ResetBits                         0x0000017c   Section        0  gpio.o(i.GPIO_ResetBits)
    i.GPIO_SetBits                           0x00000184   Section        0  gpio.o(i.GPIO_SetBits)
    i.HardFaultHandler                       0x0000018c   Section        0  handler.o(i.HardFaultHandler)
    i.MemManageHandler                       0x0000018e   Section        0  handler.o(i.MemManageHandler)
    i.NMIHandler                             0x00000190   Section        0  handler.o(i.NMIHandler)
    i.PendSVHandler                          0x00000192   Section        0  handler.o(i.PendSVHandler)
    i.SVCHandler                             0x00000194   Section        0  handler.o(i.SVCHandler)
    i.Set_SysTick_CTRL                       0x00000196   Section        0  cortexm3_driver.o(i.Set_SysTick_CTRL)
    i.SysTickHandler                         0x000001a0   Section        0  handler.o(i.SysTickHandler)
    i.SysTick_Handler                        0x000001bc   Section        0  system.o(i.SysTick_Handler)
    i.SystemInit                             0x000001cc   Section        0  system.o(i.SystemInit)
    i.UARTOVRHandler                         0x0000021c   Section        0  handler.o(i.UARTOVRHandler)
    i.UARTRXHandler                          0x00000220   Section        0  handler.o(i.UARTRXHandler)
    i.UARTTXHandler                          0x0000024c   Section        0  handler.o(i.UARTTXHandler)
    i.UsageFaultHandler                      0x0000024e   Section        0  handler.o(i.UsageFaultHandler)
    i.__scatterload_copy                     0x00000250   Section       14  handlers.o(i.__scatterload_copy)
    i.__scatterload_null                     0x0000025e   Section        2  handlers.o(i.__scatterload_null)
    i.__scatterload_zeroinit                 0x00000260   Section       14  handlers.o(i.__scatterload_zeroinit)
    i.main                                   0x00000270   Section        0  main.o(i.main)
    i.uart_ReceiveChar                       0x0000031c   Section        0  uart.o(i.uart_ReceiveChar)
    i.uart_SendChar                          0x00000330   Section        0  uart.o(i.uart_SendChar)
    i.uart_SendString                        0x00000344   Section        0  uart.o(i.uart_SendString)
    i.uart_init                              0x00000366   Section        0  uart.o(i.uart_init)
    .data                                    0x20000000   Section        8  system.o(.data)
    STACK                                    0x20000008   Section    32768  startup_cm3ds.o(STACK)

    Global Symbols

    Symbol Name                              Value     Ov Type        Size  Object(Section)

    BuildAttributes$$THM_ISAv4$P$D$K$B$S$PE$A:L22UL41UL21$X:L11$S22US41US21$IEEE1$IW$USESV6$~STKCKD$USESV7$~SHL$OSPACE$EBA8$MICROLIB$REQ8$PRES8$EABIv2 0x00000000   Number         0  anon$$obj.o ABSOLUTE
    __ARM_use_no_argv                        0x00000000   Number         0  main.o ABSOLUTE
    __Vectors                                0x00000000   Data           4  startup_cm3ds.o(RESET)
    __arm_fini_                               - Undefined Weak Reference
    __cpp_initialize__aeabi_                  - Undefined Weak Reference
    __cxa_finalize                            - Undefined Weak Reference
    __decompress                              - Undefined Weak Reference
    _clock_init                               - Undefined Weak Reference
    _microlib_exit                            - Undefined Weak Reference
    __Vectors_End                            0x0000004c   Data           0  startup_cm3ds.o(RESET)
    __Vectors_Size                           0x0000004c   Number         0  startup_cm3ds.o ABSOLUTE
    __main                                   0x0000004d   Thumb Code     0  entry.o(.ARM.Collect$$$$00000000)
    _main_stk                                0x0000004d   Thumb Code     0  entry2.o(.ARM.Collect$$$$00000001)
    _main_scatterload                        0x00000051   Thumb Code     0  entry5.o(.ARM.Collect$$$$00000004)
    __main_after_scatterload                 0x00000055   Thumb Code     0  entry5.o(.ARM.Collect$$$$00000004)
    _main_clock                              0x00000055   Thumb Code     0  entry7b.o(.ARM.Collect$$$$00000008)
    _main_cpp_init                           0x00000055   Thumb Code     0  entry8b.o(.ARM.Collect$$$$0000000A)
    _main_init                               0x00000055   Thumb Code     0  entry9a.o(.ARM.Collect$$$$0000000B)
    __rt_lib_shutdown_fini                   0x0000005d   Thumb Code     0  entry12b.o(.ARM.Collect$$$$0000000E)
    __rt_final_cpp                           0x00000061   Thumb Code     0  entry10a.o(.ARM.Collect$$$$0000000F)
    __rt_final_exit                          0x00000061   Thumb Code     0  entry11a.o(.ARM.Collect$$$$00000011)
    Reset_Handler                            0x00000065   Thumb Code     8  startup_cm3ds.o(.text)
    NMI_Handler                              0x0000006d   Thumb Code     8  startup_cm3ds.o(.text)
    HardFault_Handler                        0x00000075   Thumb Code     8  startup_cm3ds.o(.text)
    MemManage_Handler                        0x0000007d   Thumb Code     8  startup_cm3ds.o(.text)
    BusFault_Handler                         0x00000085   Thumb Code     8  startup_cm3ds.o(.text)
    UsageFault_Handler                       0x0000008d   Thumb Code     8  startup_cm3ds.o(.text)
    SVC_Handler                              0x00000095   Thumb Code     8  startup_cm3ds.o(.text)
    DebugMon_Handler                         0x0000009d   Thumb Code     8  startup_cm3ds.o(.text)
    PendSV_Handler                           0x000000a5   Thumb Code     8  startup_cm3ds.o(.text)
    UARTRX_Handler                           0x000000b5   Thumb Code     8  startup_cm3ds.o(.text)
    UARTTX_Handler                           0x000000bd   Thumb Code     8  startup_cm3ds.o(.text)
    UARTOVR_Handler                          0x000000c5   Thumb Code     8  startup_cm3ds.o(.text)
    strlen                                   0x000000d5   Thumb Code    14  strlen.o(.text)
    __scatterload                            0x000000e5   Thumb Code    28  init.o(.text)
    __scatterload_rt2                        0x000000e5   Thumb Code     0  init.o(.text)
    BusFaultHandler                          0x00000109   Thumb Code     2  handler.o(i.BusFaultHandler)
    DebugMonHandler                          0x0000010b   Thumb Code     2  handler.o(i.DebugMonHandler)
    GPIO_Config                              0x0000010d   Thumb Code    44  gpio.o(i.GPIO_Config)
    GPIO_Init                                0x00000139   Thumb Code    50  gpio.o(i.GPIO_Init)
    GPIO_ReadInputDataBit                    0x0000016b   Thumb Code    18  gpio.o(i.GPIO_ReadInputDataBit)
    GPIO_ResetBits                           0x0000017d   Thumb Code     8  gpio.o(i.GPIO_ResetBits)
    GPIO_SetBits                             0x00000185   Thumb Code     8  gpio.o(i.GPIO_SetBits)
    HardFaultHandler                         0x0000018d   Thumb Code     2  handler.o(i.HardFaultHandler)
    MemManageHandler                         0x0000018f   Thumb Code     2  handler.o(i.MemManageHandler)
    NMIHandler                               0x00000191   Thumb Code     2  handler.o(i.NMIHandler)
    PendSVHandler                            0x00000193   Thumb Code     2  handler.o(i.PendSVHandler)
    SVCHandler                               0x00000195   Thumb Code     2  handler.o(i.SVCHandler)
    Set_SysTick_CTRL                         0x00000197   Thumb Code     8  cortexm3_driver.o(i.Set_SysTick_CTRL)
    SysTickHandler                           0x000001a1   Thumb Code    22  handler.o(i.SysTickHandler)
    SysTick_Handler                          0x000001bd   Thumb Code    12  system.o(i.SysTick_Handler)
    SystemInit                               0x000001cd   Thumb Code    70  system.o(i.SystemInit)
    UARTOVRHandler                           0x0000021d   Thumb Code     2  handler.o(i.UARTOVRHandler)
    UARTRXHandler                            0x00000221   Thumb Code    38  handler.o(i.UARTRXHandler)
    UARTTXHandler                            0x0000024d   Thumb Code     2  handler.o(i.UARTTXHandler)
    UsageFaultHandler                        0x0000024f   Thumb Code     2  handler.o(i.UsageFaultHandler)
    __scatterload_copy                       0x00000251   Thumb Code    14  handlers.o(i.__scatterload_copy)
    __scatterload_null                       0x0000025f   Thumb Code     2  handlers.o(i.__scatterload_null)
    __scatterload_zeroinit                   0x00000261   Thumb Code    14  handlers.o(i.__scatterload_zeroinit)
    main                                     0x00000271   Thumb Code   152  main.o(i.main)
    uart_ReceiveChar                         0x0000031d   Thumb Code    20  uart.o(i.uart_ReceiveChar)
    uart_SendChar                            0x00000331   Thumb Code    20  uart.o(i.uart_SendChar)
    uart_SendString                          0x00000345   Thumb Code    34  uart.o(i.uart_SendString)
    uart_init                                0x00000367   Thumb Code    88  uart.o(i.uart_init)
    Region$$Table$$Base                      0x000003c0   Number         0  anon$$obj.o(Region$$Table)
    Region$$Table$$Limit                     0x000003e0   Number         0  anon$$obj.o(Region$$Table)
    SystemCoreClock                          0x20000000   Data           4  system.o(.data)
    SystemTicks                              0x20000004   Data           4  system.o(.data)
    __initial_sp                             0x20008008   Data           0  startup_cm3ds.o(STACK)



==============================================================================

Memory Map of the image

  Image Entry point : 0x0000004d

  Load Region LR_IROM1 (Base: 0x00000000, Size: 0x000003e8, Max: 0x00010000, ABSOLUTE)

    Execution Region ER_IROM1 (Base: 0x00000000, Size: 0x000003e0, Max: 0x00010000, ABSOLUTE)

    Base Addr    Size         Type   Attr      Idx    E Section Name        Object

    0x00000000   0x0000004c   Data   RO          262    RESET               startup_cm3ds.o
    0x0000004c   0x00000000   Code   RO          497  * .ARM.Collect$$$$00000000  mc_w.l(entry.o)
    0x0000004c   0x00000004   Code   RO          502    .ARM.Collect$$$$00000001  mc_w.l(entry2.o)
    0x00000050   0x00000004   Code   RO          505    .ARM.Collect$$$$00000004  mc_w.l(entry5.o)
    0x00000054   0x00000000   Code   RO          507    .ARM.Collect$$$$00000008  mc_w.l(entry7b.o)
    0x00000054   0x00000000   Code   RO          509    .ARM.Collect$$$$0000000A  mc_w.l(entry8b.o)
    0x00000054   0x00000008   Code   RO          510    .ARM.Collect$$$$0000000B  mc_w.l(entry9a.o)
    0x0000005c   0x00000004   Code   RO          517    .ARM.Collect$$$$0000000E  mc_w.l(entry12b.o)
    0x00000060   0x00000000   Code   RO          512    .ARM.Collect$$$$0000000F  mc_w.l(entry10a.o)
    0x00000060   0x00000000   Code   RO          514    .ARM.Collect$$$$00000011  mc_w.l(entry11a.o)
    0x00000060   0x00000004   Code   RO          503    .ARM.Collect$$$$00002712  mc_w.l(entry2.o)
    0x00000064   0x00000070   Code   RO          263    .text               startup_cm3ds.o
    0x000000d4   0x0000000e   Code   RO          500    .text               mc_w.l(strlen.o)
    0x000000e2   0x00000002   PAD
    0x000000e4   0x00000024   Code   RO          518    .text               mc_w.l(init.o)
    0x00000108   0x00000002   Code   RO          103    i.BusFaultHandler   handler.o
    0x0000010a   0x00000002   Code   RO          104    i.DebugMonHandler   handler.o
    0x0000010c   0x0000002c   Code   RO          314    i.GPIO_Config       gpio.o
    0x00000138   0x00000032   Code   RO          315    i.GPIO_Init         gpio.o
    0x0000016a   0x00000012   Code   RO          317    i.GPIO_ReadInputDataBit  gpio.o
    0x0000017c   0x00000008   Code   RO          320    i.GPIO_ResetBits    gpio.o
    0x00000184   0x00000008   Code   RO          321    i.GPIO_SetBits      gpio.o
    0x0000018c   0x00000002   Code   RO          105    i.HardFaultHandler  handler.o
    0x0000018e   0x00000002   Code   RO          106    i.MemManageHandler  handler.o
    0x00000190   0x00000002   Code   RO          107    i.NMIHandler        handler.o
    0x00000192   0x00000002   Code   RO          108    i.PendSVHandler     handler.o
    0x00000194   0x00000002   Code   RO          109    i.SVCHandler        handler.o
    0x00000196   0x00000008   Code   RO            4    i.Set_SysTick_CTRL  cortexm3_driver.o
    0x0000019e   0x00000002   PAD
    0x000001a0   0x0000001c   Code   RO          110    i.SysTickHandler    handler.o
    0x000001bc   0x00000010   Code   RO          270    i.SysTick_Handler   system.o
    0x000001cc   0x00000050   Code   RO          272    i.SystemInit        system.o
    0x0000021c   0x00000002   Code   RO          111    i.UARTOVRHandler    handler.o
    0x0000021e   0x00000002   PAD
    0x00000220   0x0000002c   Code   RO          112    i.UARTRXHandler     handler.o
    0x0000024c   0x00000002   Code   RO          113    i.UARTTXHandler     handler.o
    0x0000024e   0x00000002   Code   RO          114    i.UsageFaultHandler  handler.o
    0x00000250   0x0000000e   Code   RO          522    i.__scatterload_copy  mc_w.l(handlers.o)
    0x0000025e   0x00000002   Code   RO          523    i.__scatterload_null  mc_w.l(handlers.o)
    0x00000260   0x0000000e   Code   RO          524    i.__scatterload_zeroinit  mc_w.l(handlers.o)
    0x0000026e   0x00000002   PAD
    0x00000270   0x000000ac   Code   RO          189    i.main              main.o
    0x0000031c   0x00000014   Code   RO          413    i.uart_ReceiveChar  uart.o
    0x00000330   0x00000014   Code   RO          414    i.uart_SendChar     uart.o
    0x00000344   0x00000022   Code   RO          415    i.uart_SendString   uart.o
    0x00000366   0x00000058   Code   RO          416    i.uart_init         uart.o
    0x000003be   0x00000002   PAD
    0x000003c0   0x00000020   Data   RO          520    Region$$Table       anon$$obj.o


    Execution Region RW_IRAM1 (Base: 0x20000000, Size: 0x00008008, Max: 0x00010000, ABSOLUTE)

    Base Addr    Size         Type   Attr      Idx    E Section Name        Object

    0x20000000   0x00000008   Data   RW          273    .data               system.o
    0x20000008   0x00008000   Zero   RW          260    STACK               startup_cm3ds.o


==============================================================================

Image component sizes


      Code (inc. data)   RO Data    RW Data    ZI Data      Debug   Object Name

         8          0          0          0          0       5931   cortexm3_driver.o
       128          0          0          0          0       4338   gpio.o
        92         12          0          0          0       4954   handler.o
       172         20          0          0          0      24334   main.o
       112          8         76          0      32768        900   startup_cm3ds.o
        96         14          0          8          0      25160   system.o
       162          0          0          0          0       4601   uart.o

    ----------------------------------------------------------------------
       776         54        108          8      32768      70218   Object Totals
         0          0         32          0          0          0   (incl. Generated)
         6          0          0          0          0          0   (incl. Padding)

    ----------------------------------------------------------------------

      Code (inc. data)   RO Data    RW Data    ZI Data      Debug   Library Member Name

         0          0          0          0          0          0   entry.o
         0          0          0          0          0          0   entry10a.o
         0          0          0          0          0          0   entry11a.o
         4          0          0          0          0          0   entry12b.o
         8          4          0          0          0          0   entry2.o
         4          0          0          0          0          0   entry5.o
         0          0          0          0          0          0   entry7b.o
         0          0          0          0          0          0   entry8b.o
         8          4          0          0          0          0   entry9a.o
        30          0          0          0          0          0   handlers.o
        36          8          0          0          0         68   init.o
        14          0          0          0          0         68   strlen.o

    ----------------------------------------------------------------------
       108         16          0          0          0        136   Library Totals
         4          0          0          0          0          0   (incl. Padding)

    ----------------------------------------------------------------------

      Code (inc. data)   RO Data    RW Data    ZI Data      Debug   Library Name

       104         16          0          0          0        136   mc_w.l

    ----------------------------------------------------------------------
       108         16          0          0          0        136   Library Totals

    ----------------------------------------------------------------------

==============================================================================


      Code (inc. data)   RO Data    RW Data    ZI Data      Debug   

       884         70        108          8      32768      69414   Grand Totals
       884         70        108          8      32768      69414   ELF Image Totals
       884         70        108          8          0          0   ROM Totals

==============================================================================

    Total RO  Size (Code + RO Data)                  992 (   0.97kB)
    Total RW  Size (RW Data + ZI Data)             32776 (  32.01kB)
    Total ROM Size (Code + RO Data + RW Data)       1000 (   0.98kB)

==============================================================================

