Component: ARM Compiler 5.06 update 5 (build 528) Tool: armlink [4d35e2]

==============================================================================

Section Cross References

    cortexm3_driver.o(i.delay) refers to cortexm3_driver.o(i.Set_SysTick_CTRL) for Set_SysTick_CTRL
    cortexm3_driver.o(i.delay) refers to cortexm3_driver.o(i.Set_SysTick_LOAD) for Set_SysTick_LOAD
    cortexm3_driver.o(i.delay) refers to cortexm3_driver.o(i.Set_SysTick_VALUE) for Set_SysTick_VALUE
    cortexm3_driver.o(i.delay_1ms) refers to cortexm3_driver.o(i.delay) for delay
    cortexm3_driver.o(i.delay_us) refers to cortexm3_driver.o(i.delay) for delay
    cortexm3_driver.o(i.uart_SendString) refers to strlen.o(.text) for strlen
    cortexm3_driver.o(i.uart_SendString) refers to cortexm3_driver.o(i.uart_SendChar) for uart_SendChar
    handler.o(i.Delay) refers to handler.o(.data) for SystemTicks
    handler.o(i.KEYHandler) refers to cortexm3_driver.o(i.uart_SendString) for uart_SendString
    handler.o(i.KEYHandler) refers to cortexm3_driver.o(i.send2LED) for send2LED
    handler.o(i.SysTickHandler) refers to cortexm3_driver.o(i.Set_SysTick_CTRL) for Set_SysTick_CTRL
    handler.o(i.SysTick_Handler) refers to handler.o(.data) for SystemTicks
    handler.o(i.UARTRXHandler) refers to cortexm3_driver.o(i.uart_ReceiveChar) for uart_ReceiveChar
    handler.o(i.UARTRXHandler) refers to cortexm3_driver.o(i.send2LED) for send2LED
    handler.o(i.UARTRXHandler) refers to cortexm3_driver.o(i.uart_SendString) for uart_SendString
    handler.o(i.UARTRXHandler) refers to cortexm3_driver.o(i.uart_SendChar) for uart_SendChar
    main.o(i.LED_Init) refers to cortexm3_driver.o(i.GPIO_Init) for GPIO_Init
    main.o(i.LED_Init) refers to cortexm3_driver.o(i.GPIO_ResetBits) for GPIO_ResetBits
    main.o(i.main) refers to system.o(i.SystemInit) for SystemInit
    main.o(i.main) refers to spi_gpio.o(i.SPI_GPIO_Init) for SPI_GPIO_Init
    main.o(i.main) refers to spi_gpio.o(i.Master_SPI_WR_String) for Master_SPI_WR_String
    main.o(i.main) refers to system.o(.data) for SystemCoreClock
    retarget.o(i._ttywrch) refers to cortexm3_driver.o(i.uart_SendChar) for uart_SendChar
    retarget.o(i.fgetc) refers to cortexm3_driver.o(i.uart_ReceiveChar) for uart_ReceiveChar
    retarget.o(i.fgetc) refers to cortexm3_driver.o(i.uart_SendChar) for uart_SendChar
    retarget.o(i.fputc) refers to cortexm3_driver.o(i.uart_SendChar) for uart_SendChar
    startup_cm3ds.o(RESET) refers to startup_cm3ds.o(STACK) for __initial_sp
    startup_cm3ds.o(RESET) refers to startup_cm3ds.o(.text) for Reset_Handler
    startup_cm3ds.o(RESET) refers to handler.o(i.SysTick_Handler) for SysTick_Handler
    startup_cm3ds.o(.text) refers to handler.o(i.NMIHandler) for NMIHandler
    startup_cm3ds.o(.text) refers to handler.o(i.HardFaultHandler) for HardFaultHandler
    startup_cm3ds.o(.text) refers to handler.o(i.MemManageHandler) for MemManageHandler
    startup_cm3ds.o(.text) refers to handler.o(i.BusFaultHandler) for BusFaultHandler
    startup_cm3ds.o(.text) refers to handler.o(i.UsageFaultHandler) for UsageFaultHandler
    startup_cm3ds.o(.text) refers to handler.o(i.SVCHandler) for SVCHandler
    startup_cm3ds.o(.text) refers to handler.o(i.DebugMonHandler) for DebugMonHandler
    startup_cm3ds.o(.text) refers to handler.o(i.PendSVHandler) for PendSVHandler
    startup_cm3ds.o(.text) refers to handler.o(i.SysTickHandler) for SysTickHandler
    startup_cm3ds.o(.text) refers to handler.o(i.UARTRXHandler) for UARTRXHandler
    startup_cm3ds.o(.text) refers to handler.o(i.UARTTXHandler) for UARTTXHandler
    startup_cm3ds.o(.text) refers to handler.o(i.UARTOVRHandler) for UARTOVRHandler
    startup_cm3ds.o(.text) refers to handler.o(i.KEYHandler) for KEYHandler
    startup_cm3ds.o(.text) refers to system.o(i.SystemInit) for SystemInit
    startup_cm3ds.o(.text) refers to entry.o(.ARM.Collect$$$$00000000) for __main
    system.o(i.SystemCoreClockUpdate) refers to system.o(.data) for SystemCoreClock
    system.o(i.SystemInit) refers to system.o(i.NVIC_EnableIRQ) for NVIC_EnableIRQ
    system.o(i.SystemInit) refers to cortexm3_driver.o(i.uart_init) for uart_init
    system.o(i.SystemInit) refers to system.o(.data) for SystemCoreClock
    spi_gpio.o(i.Master_SPI_WR_Byte) refers to cortexm3_driver.o(i.GPIO_ResetBits) for GPIO_ResetBits
    spi_gpio.o(i.Master_SPI_WR_Byte) refers to cortexm3_driver.o(i.GPIO_SetBits) for GPIO_SetBits
    spi_gpio.o(i.Master_SPI_WR_Byte) refers to cortexm3_driver.o(i.delay_us) for delay_us
    spi_gpio.o(i.Master_SPI_WR_Byte) refers to cortexm3_driver.o(i.GPIO_ReadInputDataBit) for GPIO_ReadInputDataBit
    spi_gpio.o(i.Master_SPI_WR_String) refers to cortexm3_driver.o(i.GPIO_ResetBits) for GPIO_ResetBits
    spi_gpio.o(i.Master_SPI_WR_String) refers to spi_gpio.o(i.Master_SPI_WR_Byte) for Master_SPI_WR_Byte
    spi_gpio.o(i.Master_SPI_WR_String) refers to cortexm3_driver.o(i.GPIO_SetBits) for GPIO_SetBits
    spi_gpio.o(i.SPI_GPIO_Init) refers to cortexm3_driver.o(i.GPIO_Init) for GPIO_Init
    spi_gpio.o(i.SPI_GPIO_Init) refers to cortexm3_driver.o(i.GPIO_SetBits) for GPIO_SetBits
    spi_gpio.o(i.SPI_GPIO_Init) refers to cortexm3_driver.o(i.GPIO_ResetBits) for GPIO_ResetBits
    entry.o(.ARM.Collect$$$$00000000) refers (Special) to entry10a.o(.ARM.Collect$$$$0000000D) for __rt_final_cpp
    entry.o(.ARM.Collect$$$$00000000) refers (Special) to entry11a.o(.ARM.Collect$$$$0000000F) for __rt_final_exit
    entry.o(.ARM.Collect$$$$00000000) refers (Special) to entry7b.o(.ARM.Collect$$$$00000008) for _main_clock
    entry.o(.ARM.Collect$$$$00000000) refers (Special) to entry8b.o(.ARM.Collect$$$$0000000A) for _main_cpp_init
    entry.o(.ARM.Collect$$$$00000000) refers (Special) to entry9a.o(.ARM.Collect$$$$0000000B) for _main_init
    entry.o(.ARM.Collect$$$$00000000) refers (Special) to entry5.o(.ARM.Collect$$$$00000004) for _main_scatterload
    entry.o(.ARM.Collect$$$$00000000) refers (Special) to entry2.o(.ARM.Collect$$$$00000001) for _main_stk
    entry2.o(.ARM.Collect$$$$00000001) refers to entry2.o(.ARM.Collect$$$$00002712) for __lit__00000000
    entry2.o(.ARM.Collect$$$$00002712) refers to startup_cm3ds.o(STACK) for __initial_sp
    entry2.o(__vectab_stack_and_reset_area) refers to startup_cm3ds.o(STACK) for __initial_sp
    entry2.o(__vectab_stack_and_reset_area) refers to entry.o(.ARM.Collect$$$$00000000) for __main
    entry5.o(.ARM.Collect$$$$00000004) refers to init.o(.text) for __scatterload
    entry9a.o(.ARM.Collect$$$$0000000B) refers to main.o(i.main) for main
    entry9b.o(.ARM.Collect$$$$0000000C) refers to main.o(i.main) for main
    init.o(.text) refers to entry5.o(.ARM.Collect$$$$00000004) for __main_after_scatterload


==============================================================================

Removing Unused input sections from the image.

    Removing cortexm3_driver.o(.rev16_text), (4 bytes).
    Removing cortexm3_driver.o(.revsh_text), (4 bytes).
    Removing cortexm3_driver.o(i.GPIO_ReadInputData), (8 bytes).
    Removing cortexm3_driver.o(i.GPIO_ReadOutputData), (8 bytes).
    Removing cortexm3_driver.o(i.GPIO_ReadOutputDataBit), (18 bytes).
    Removing cortexm3_driver.o(i.GPIO_Write), (4 bytes).
    Removing cortexm3_driver.o(i.GPIO_WriteBit), (18 bytes).
    Removing cortexm3_driver.o(i.Read_SysTick_VALUE), (8 bytes).
    Removing cortexm3_driver.o(i.Timer_Ini), (42 bytes).
    Removing cortexm3_driver.o(i.Timer_Stop), (28 bytes).
    Removing cortexm3_driver.o(i.delay_1ms), (24 bytes).
    Removing cortexm3_driver.o(i.uart_ClearOverrunStatus), (14 bytes).
    Removing cortexm3_driver.o(i.uart_ClearRxIRQ), (6 bytes).
    Removing cortexm3_driver.o(i.uart_ClearTxIRQ), (6 bytes).
    Removing cortexm3_driver.o(i.uart_GetBaudDivider), (6 bytes).
    Removing cortexm3_driver.o(i.uart_GetOverrunStatus), (10 bytes).
    Removing cortexm3_driver.o(i.uart_GetRxBufferFull), (10 bytes).
    Removing cortexm3_driver.o(i.uart_GetRxIRQStatus), (10 bytes).
    Removing cortexm3_driver.o(i.uart_GetTxBufferFull), (10 bytes).
    Removing cortexm3_driver.o(i.uart_GetTxIRQStatus), (10 bytes).
    Removing handler.o(.rev16_text), (4 bytes).
    Removing handler.o(.revsh_text), (4 bytes).
    Removing handler.o(i.Delay), (24 bytes).
    Removing main.o(.rev16_text), (4 bytes).
    Removing main.o(.revsh_text), (4 bytes).
    Removing main.o(i.LED_Init), (44 bytes).
    Removing main.o(i.my_delay), (18 bytes).
    Removing retarget.o(.rev16_text), (4 bytes).
    Removing retarget.o(.revsh_text), (4 bytes).
    Removing retarget.o(i._sys_exit), (4 bytes).
    Removing retarget.o(i._ttywrch), (16 bytes).
    Removing retarget.o(i.ferror), (8 bytes).
    Removing retarget.o(i.fgetc), (34 bytes).
    Removing retarget.o(i.fputc), (32 bytes).
    Removing retarget.o(.data), (8 bytes).
    Removing startup_cm3ds.o(HEAP), (32768 bytes).
    Removing system.o(.rev16_text), (4 bytes).
    Removing system.o(.revsh_text), (4 bytes).
    Removing system.o(i.SystemCoreClockUpdate), (16 bytes).
    Removing spi_gpio.o(.rev16_text), (4 bytes).
    Removing spi_gpio.o(.revsh_text), (4 bytes).

41 unused section(s) (total 33260 bytes) removed from the image.

==============================================================================

Image Symbol Table

    Local Symbols

    Symbol Name                              Value     Ov Type        Size  Object(Section)

    RESET                                    0x00000000   Section       80  startup_cm3ds.o(RESET)
    ../clib/microlib/init/entry.s            0x00000000   Number         0  entry9b.o ABSOLUTE
    ../clib/microlib/init/entry.s            0x00000000   Number         0  entry11a.o ABSOLUTE
    ../clib/microlib/init/entry.s            0x00000000   Number         0  entry10a.o ABSOLUTE
    ../clib/microlib/init/entry.s            0x00000000   Number         0  entry2.o ABSOLUTE
    ../clib/microlib/init/entry.s            0x00000000   Number         0  entry10b.o ABSOLUTE
    ../clib/microlib/init/entry.s            0x00000000   Number         0  entry8a.o ABSOLUTE
    ../clib/microlib/init/entry.s            0x00000000   Number         0  entry5.o ABSOLUTE
    ../clib/microlib/init/entry.s            0x00000000   Number         0  entry9a.o ABSOLUTE
    ../clib/microlib/init/entry.s            0x00000000   Number         0  entry.o ABSOLUTE
    ../clib/microlib/init/entry.s            0x00000000   Number         0  entry8b.o ABSOLUTE
    ../clib/microlib/init/entry.s            0x00000000   Number         0  entry11b.o ABSOLUTE
    ../clib/microlib/init/entry.s            0x00000000   Number         0  entry7b.o ABSOLUTE
    ../clib/microlib/init/entry.s            0x00000000   Number         0  entry7a.o ABSOLUTE
    ../clib/microlib/string/strlen.c         0x00000000   Number         0  strlen.o ABSOLUTE
    Peripheral\\spi_gpio.c                   0x00000000   Number         0  spi_gpio.o ABSOLUTE
    Peripheral\spi_gpio.c                    0x00000000   Number         0  spi_gpio.o ABSOLUTE
    code\CortexM3_driver.c                   0x00000000   Number         0  cortexm3_driver.o ABSOLUTE
    code\Retarget.c                          0x00000000   Number         0  retarget.o ABSOLUTE
    code\\CortexM3_driver.c                  0x00000000   Number         0  cortexm3_driver.o ABSOLUTE
    code\\Retarget.c                         0x00000000   Number         0  retarget.o ABSOLUTE
    code\\handler.c                          0x00000000   Number         0  handler.o ABSOLUTE
    code\\main.c                             0x00000000   Number         0  main.o ABSOLUTE
    code\\system.c                           0x00000000   Number         0  system.o ABSOLUTE
    code\handler.c                           0x00000000   Number         0  handler.o ABSOLUTE
    code\main.c                              0x00000000   Number         0  main.o ABSOLUTE
    code\startup_CM3DS.s                     0x00000000   Number         0  startup_cm3ds.o ABSOLUTE
    code\system.c                            0x00000000   Number         0  system.o ABSOLUTE
    dc.s                                     0x00000000   Number         0  dc.o ABSOLUTE
    handlers.s                               0x00000000   Number         0  handlers.o ABSOLUTE
    init.s                                   0x00000000   Number         0  init.o ABSOLUTE
    .ARM.Collect$$$$00000000                 0x00000050   Section        0  entry.o(.ARM.Collect$$$$00000000)
    .ARM.Collect$$$$00000001                 0x00000050   Section        4  entry2.o(.ARM.Collect$$$$00000001)
    .ARM.Collect$$$$00000004                 0x00000054   Section        4  entry5.o(.ARM.Collect$$$$00000004)
    .ARM.Collect$$$$00000008                 0x00000058   Section        0  entry7b.o(.ARM.Collect$$$$00000008)
    .ARM.Collect$$$$0000000A                 0x00000058   Section        0  entry8b.o(.ARM.Collect$$$$0000000A)
    .ARM.Collect$$$$0000000B                 0x00000058   Section        8  entry9a.o(.ARM.Collect$$$$0000000B)
    .ARM.Collect$$$$0000000D                 0x00000060   Section        0  entry10a.o(.ARM.Collect$$$$0000000D)
    .ARM.Collect$$$$0000000F                 0x00000060   Section        0  entry11a.o(.ARM.Collect$$$$0000000F)
    .ARM.Collect$$$$00002712                 0x00000060   Section        4  entry2.o(.ARM.Collect$$$$00002712)
    __lit__00000000                          0x00000060   Data           4  entry2.o(.ARM.Collect$$$$00002712)
    .text                                    0x00000064   Section      120  startup_cm3ds.o(.text)
    .text                                    0x000000dc   Section        0  strlen.o(.text)
    .text                                    0x000000ec   Section       36  init.o(.text)
    i.BusFaultHandler                        0x00000110   Section        0  handler.o(i.BusFaultHandler)
    i.DebugMonHandler                        0x00000112   Section        0  handler.o(i.DebugMonHandler)
    i.GPIO_Init                              0x00000114   Section        0  cortexm3_driver.o(i.GPIO_Init)
    i.GPIO_ReadInputDataBit                  0x00000146   Section        0  cortexm3_driver.o(i.GPIO_ReadInputDataBit)
    i.GPIO_ResetBits                         0x00000158   Section        0  cortexm3_driver.o(i.GPIO_ResetBits)
    i.GPIO_SetBits                           0x00000160   Section        0  cortexm3_driver.o(i.GPIO_SetBits)
    i.HardFaultHandler                       0x00000168   Section        0  handler.o(i.HardFaultHandler)
    i.KEYHandler                             0x0000016c   Section        0  handler.o(i.KEYHandler)
    i.Master_SPI_WR_Byte                     0x0000019c   Section        0  spi_gpio.o(i.Master_SPI_WR_Byte)
    i.Master_SPI_WR_String                   0x00000222   Section        0  spi_gpio.o(i.Master_SPI_WR_String)
    i.MemManageHandler                       0x00000256   Section        0  handler.o(i.MemManageHandler)
    i.NMIHandler                             0x00000258   Section        0  handler.o(i.NMIHandler)
    i.NVIC_EnableIRQ                         0x0000025a   Section        0  system.o(i.NVIC_EnableIRQ)
    NVIC_EnableIRQ                           0x0000025b   Thumb Code    22  system.o(i.NVIC_EnableIRQ)
    i.PendSVHandler                          0x00000270   Section        0  handler.o(i.PendSVHandler)
    i.SPI_GPIO_Init                          0x00000272   Section        0  spi_gpio.o(i.SPI_GPIO_Init)
    i.SVCHandler                             0x000002b6   Section        0  handler.o(i.SVCHandler)
    i.Set_SysTick_CTRL                       0x000002b8   Section        0  cortexm3_driver.o(i.Set_SysTick_CTRL)
    i.Set_SysTick_LOAD                       0x000002c0   Section        0  cortexm3_driver.o(i.Set_SysTick_LOAD)
    i.Set_SysTick_VALUE                      0x000002c8   Section        0  cortexm3_driver.o(i.Set_SysTick_VALUE)
    i.SysTickHandler                         0x000002d0   Section        0  handler.o(i.SysTickHandler)
    i.SysTick_Handler                        0x000002ec   Section        0  handler.o(i.SysTick_Handler)
    i.SystemInit                             0x000002fc   Section        0  system.o(i.SystemInit)
    i.UARTOVRHandler                         0x00000344   Section        0  handler.o(i.UARTOVRHandler)
    i.UARTRXHandler                          0x00000348   Section        0  handler.o(i.UARTRXHandler)
    i.UARTTXHandler                          0x00000378   Section        0  handler.o(i.UARTTXHandler)
    i.UsageFaultHandler                      0x0000037a   Section        0  handler.o(i.UsageFaultHandler)
    i.__scatterload_copy                     0x0000037c   Section       14  handlers.o(i.__scatterload_copy)
    i.__scatterload_null                     0x0000038a   Section        2  handlers.o(i.__scatterload_null)
    i.__scatterload_zeroinit                 0x0000038c   Section       14  handlers.o(i.__scatterload_zeroinit)
    i.delay                                  0x0000039a   Section        0  cortexm3_driver.o(i.delay)
    i.delay_us                               0x000003ba   Section        0  cortexm3_driver.o(i.delay_us)
    i.main                                   0x000003d0   Section        0  main.o(i.main)
    i.send2LED                               0x0000044c   Section        0  cortexm3_driver.o(i.send2LED)
    i.uart_ReceiveChar                       0x00000458   Section        0  cortexm3_driver.o(i.uart_ReceiveChar)
    i.uart_SendChar                          0x0000046c   Section        0  cortexm3_driver.o(i.uart_SendChar)
    i.uart_SendString                        0x00000480   Section        0  cortexm3_driver.o(i.uart_SendString)
    i.uart_init                              0x000004a2   Section        0  cortexm3_driver.o(i.uart_init)
    .data                                    0x20000000   Section        4  handler.o(.data)
    .data                                    0x20000004   Section        4  system.o(.data)
    STACK                                    0x20000008   Section    32768  startup_cm3ds.o(STACK)

    Global Symbols

    Symbol Name                              Value     Ov Type        Size  Object(Section)

    BuildAttributes$$THM_ISAv4$P$D$K$B$S$PE$A:L22UL41UL21$X:L11$S22US41US21$IEEE1$IW$USESV6$~STKCKD$USESV7$~SHL$OSPACE$EBA8$MICROLIB$REQ8$PRES8$EABIv2 0x00000000   Number         0  anon$$obj.o ABSOLUTE
    __ARM_use_no_argv                        0x00000000   Number         0  main.o ABSOLUTE
    __Vectors                                0x00000000   Data           4  startup_cm3ds.o(RESET)
    __cpp_initialize__aeabi_                  - Undefined Weak Reference
    __cxa_finalize                            - Undefined Weak Reference
    __decompress                              - Undefined Weak Reference
    _clock_init                               - Undefined Weak Reference
    _microlib_exit                            - Undefined Weak Reference
    __Vectors_End                            0x00000050   Data           0  startup_cm3ds.o(RESET)
    __Vectors_Size                           0x00000050   Number         0  startup_cm3ds.o ABSOLUTE
    __main                                   0x00000051   Thumb Code     0  entry.o(.ARM.Collect$$$$00000000)
    _main_stk                                0x00000051   Thumb Code     0  entry2.o(.ARM.Collect$$$$00000001)
    _main_scatterload                        0x00000055   Thumb Code     0  entry5.o(.ARM.Collect$$$$00000004)
    __main_after_scatterload                 0x00000059   Thumb Code     0  entry5.o(.ARM.Collect$$$$00000004)
    _main_clock                              0x00000059   Thumb Code     0  entry7b.o(.ARM.Collect$$$$00000008)
    _main_cpp_init                           0x00000059   Thumb Code     0  entry8b.o(.ARM.Collect$$$$0000000A)
    _main_init                               0x00000059   Thumb Code     0  entry9a.o(.ARM.Collect$$$$0000000B)
    __rt_final_cpp                           0x00000061   Thumb Code     0  entry10a.o(.ARM.Collect$$$$0000000D)
    __rt_final_exit                          0x00000061   Thumb Code     0  entry11a.o(.ARM.Collect$$$$0000000F)
    Reset_Handler                            0x00000065   Thumb Code     8  startup_cm3ds.o(.text)
    NMI_Handler                              0x0000006d   Thumb Code     8  startup_cm3ds.o(.text)
    HardFault_Handler                        0x00000075   Thumb Code     8  startup_cm3ds.o(.text)
    MemManage_Handler                        0x0000007d   Thumb Code     8  startup_cm3ds.o(.text)
    BusFault_Handler                         0x00000085   Thumb Code     8  startup_cm3ds.o(.text)
    UsageFault_Handler                       0x0000008d   Thumb Code     8  startup_cm3ds.o(.text)
    SVC_Handler                              0x00000095   Thumb Code     8  startup_cm3ds.o(.text)
    DebugMon_Handler                         0x0000009d   Thumb Code     8  startup_cm3ds.o(.text)
    PendSV_Handler                           0x000000a5   Thumb Code     8  startup_cm3ds.o(.text)
    UARTRX_Handler                           0x000000b5   Thumb Code     8  startup_cm3ds.o(.text)
    UARTTX_Handler                           0x000000bd   Thumb Code     8  startup_cm3ds.o(.text)
    UARTOVR_Handler                          0x000000c5   Thumb Code     8  startup_cm3ds.o(.text)
    KEY_Handler                              0x000000cd   Thumb Code     8  startup_cm3ds.o(.text)
    strlen                                   0x000000dd   Thumb Code    14  strlen.o(.text)
    __scatterload                            0x000000ed   Thumb Code    28  init.o(.text)
    __scatterload_rt2                        0x000000ed   Thumb Code     0  init.o(.text)
    BusFaultHandler                          0x00000111   Thumb Code     2  handler.o(i.BusFaultHandler)
    DebugMonHandler                          0x00000113   Thumb Code     2  handler.o(i.DebugMonHandler)
    GPIO_Init                                0x00000115   Thumb Code    50  cortexm3_driver.o(i.GPIO_Init)
    GPIO_ReadInputDataBit                    0x00000147   Thumb Code    18  cortexm3_driver.o(i.GPIO_ReadInputDataBit)
    GPIO_ResetBits                           0x00000159   Thumb Code     8  cortexm3_driver.o(i.GPIO_ResetBits)
    GPIO_SetBits                             0x00000161   Thumb Code     8  cortexm3_driver.o(i.GPIO_SetBits)
    HardFaultHandler                         0x00000169   Thumb Code     2  handler.o(i.HardFaultHandler)
    KEYHandler                               0x0000016d   Thumb Code    34  handler.o(i.KEYHandler)
    Master_SPI_WR_Byte                       0x0000019d   Thumb Code   134  spi_gpio.o(i.Master_SPI_WR_Byte)
    Master_SPI_WR_String                     0x00000223   Thumb Code    52  spi_gpio.o(i.Master_SPI_WR_String)
    MemManageHandler                         0x00000257   Thumb Code     2  handler.o(i.MemManageHandler)
    NMIHandler                               0x00000259   Thumb Code     2  handler.o(i.NMIHandler)
    PendSVHandler                            0x00000271   Thumb Code     2  handler.o(i.PendSVHandler)
    SPI_GPIO_Init                            0x00000273   Thumb Code    68  spi_gpio.o(i.SPI_GPIO_Init)
    SVCHandler                               0x000002b7   Thumb Code     2  handler.o(i.SVCHandler)
    Set_SysTick_CTRL                         0x000002b9   Thumb Code     8  cortexm3_driver.o(i.Set_SysTick_CTRL)
    Set_SysTick_LOAD                         0x000002c1   Thumb Code     8  cortexm3_driver.o(i.Set_SysTick_LOAD)
    Set_SysTick_VALUE                        0x000002c9   Thumb Code     8  cortexm3_driver.o(i.Set_SysTick_VALUE)
    SysTickHandler                           0x000002d1   Thumb Code    22  handler.o(i.SysTickHandler)
    SysTick_Handler                          0x000002ed   Thumb Code    12  handler.o(i.SysTick_Handler)
    SystemInit                               0x000002fd   Thumb Code    64  system.o(i.SystemInit)
    UARTOVRHandler                           0x00000345   Thumb Code     2  handler.o(i.UARTOVRHandler)
    UARTRXHandler                            0x00000349   Thumb Code    44  handler.o(i.UARTRXHandler)
    UARTTXHandler                            0x00000379   Thumb Code     2  handler.o(i.UARTTXHandler)
    UsageFaultHandler                        0x0000037b   Thumb Code     2  handler.o(i.UsageFaultHandler)
    __scatterload_copy                       0x0000037d   Thumb Code    14  handlers.o(i.__scatterload_copy)
    __scatterload_null                       0x0000038b   Thumb Code     2  handlers.o(i.__scatterload_null)
    __scatterload_zeroinit                   0x0000038d   Thumb Code    14  handlers.o(i.__scatterload_zeroinit)
    delay                                    0x0000039b   Thumb Code    32  cortexm3_driver.o(i.delay)
    delay_us                                 0x000003bb   Thumb Code    22  cortexm3_driver.o(i.delay_us)
    main                                     0x000003d1   Thumb Code   104  main.o(i.main)
    send2LED                                 0x0000044d   Thumb Code     6  cortexm3_driver.o(i.send2LED)
    uart_ReceiveChar                         0x00000459   Thumb Code    20  cortexm3_driver.o(i.uart_ReceiveChar)
    uart_SendChar                            0x0000046d   Thumb Code    20  cortexm3_driver.o(i.uart_SendChar)
    uart_SendString                          0x00000481   Thumb Code    34  cortexm3_driver.o(i.uart_SendString)
    uart_init                                0x000004a3   Thumb Code    88  cortexm3_driver.o(i.uart_init)
    Region$$Table$$Base                      0x000004fc   Number         0  anon$$obj.o(Region$$Table)
    Region$$Table$$Limit                     0x0000051c   Number         0  anon$$obj.o(Region$$Table)
    SystemTicks                              0x20000000   Data           4  handler.o(.data)
    SystemCoreClock                          0x20000004   Data           4  system.o(.data)
    __initial_sp                             0x20008008   Data           0  startup_cm3ds.o(STACK)



==============================================================================

Memory Map of the image

  Image Entry point : 0x00000065

  Load Region LR_1 (Base: 0x00000000, Size: 0x00000524, Max: 0xffffffff, ABSOLUTE)

    Execution Region ER_RO (Exec base: 0x00000000, Load base: 0x00000000, Size: 0x0000051c, Max: 0xffffffff, ABSOLUTE)

    Exec Addr    Load Addr    Size         Type   Attr      Idx    E Section Name        Object

    0x00000000   0x00000000   0x00000050   Data   RO          437    RESET               startup_cm3ds.o
    0x00000050   0x00000050   0x00000000   Code   RO          531  * .ARM.Collect$$$$00000000  mc_w.l(entry.o)
    0x00000050   0x00000050   0x00000004   Code   RO          536    .ARM.Collect$$$$00000001  mc_w.l(entry2.o)
    0x00000054   0x00000054   0x00000004   Code   RO          539    .ARM.Collect$$$$00000004  mc_w.l(entry5.o)
    0x00000058   0x00000058   0x00000000   Code   RO          541    .ARM.Collect$$$$00000008  mc_w.l(entry7b.o)
    0x00000058   0x00000058   0x00000000   Code   RO          543    .ARM.Collect$$$$0000000A  mc_w.l(entry8b.o)
    0x00000058   0x00000058   0x00000008   Code   RO          544    .ARM.Collect$$$$0000000B  mc_w.l(entry9a.o)
    0x00000060   0x00000060   0x00000000   Code   RO          546    .ARM.Collect$$$$0000000D  mc_w.l(entry10a.o)
    0x00000060   0x00000060   0x00000000   Code   RO          548    .ARM.Collect$$$$0000000F  mc_w.l(entry11a.o)
    0x00000060   0x00000060   0x00000004   Code   RO          537    .ARM.Collect$$$$00002712  mc_w.l(entry2.o)
    0x00000064   0x00000064   0x00000078   Code   RO          438  * .text               startup_cm3ds.o
    0x000000dc   0x000000dc   0x0000000e   Code   RO          534    .text               mc_w.l(strlen.o)
    0x000000ea   0x000000ea   0x00000002   PAD
    0x000000ec   0x000000ec   0x00000024   Code   RO          550    .text               mc_w.l(init.o)
    0x00000110   0x00000110   0x00000002   Code   RO          238    i.BusFaultHandler   handler.o
    0x00000112   0x00000112   0x00000002   Code   RO          239    i.DebugMonHandler   handler.o
    0x00000114   0x00000114   0x00000032   Code   RO            3    i.GPIO_Init         cortexm3_driver.o
    0x00000146   0x00000146   0x00000012   Code   RO            5    i.GPIO_ReadInputDataBit  cortexm3_driver.o
    0x00000158   0x00000158   0x00000008   Code   RO            8    i.GPIO_ResetBits    cortexm3_driver.o
    0x00000160   0x00000160   0x00000008   Code   RO            9    i.GPIO_SetBits      cortexm3_driver.o
    0x00000168   0x00000168   0x00000002   Code   RO          241    i.HardFaultHandler  handler.o
    0x0000016a   0x0000016a   0x00000002   PAD
    0x0000016c   0x0000016c   0x00000030   Code   RO          242    i.KEYHandler        handler.o
    0x0000019c   0x0000019c   0x00000086   Code   RO          482    i.Master_SPI_WR_Byte  spi_gpio.o
    0x00000222   0x00000222   0x00000034   Code   RO          483    i.Master_SPI_WR_String  spi_gpio.o
    0x00000256   0x00000256   0x00000002   Code   RO          243    i.MemManageHandler  handler.o
    0x00000258   0x00000258   0x00000002   Code   RO          244    i.NMIHandler        handler.o
    0x0000025a   0x0000025a   0x00000016   Code   RO          444    i.NVIC_EnableIRQ    system.o
    0x00000270   0x00000270   0x00000002   Code   RO          245    i.PendSVHandler     handler.o
    0x00000272   0x00000272   0x00000044   Code   RO          484    i.SPI_GPIO_Init     spi_gpio.o
    0x000002b6   0x000002b6   0x00000002   Code   RO          246    i.SVCHandler        handler.o
    0x000002b8   0x000002b8   0x00000008   Code   RO           13    i.Set_SysTick_CTRL  cortexm3_driver.o
    0x000002c0   0x000002c0   0x00000008   Code   RO           14    i.Set_SysTick_LOAD  cortexm3_driver.o
    0x000002c8   0x000002c8   0x00000008   Code   RO           15    i.Set_SysTick_VALUE  cortexm3_driver.o
    0x000002d0   0x000002d0   0x0000001c   Code   RO          247    i.SysTickHandler    handler.o
    0x000002ec   0x000002ec   0x00000010   Code   RO          248    i.SysTick_Handler   handler.o
    0x000002fc   0x000002fc   0x00000048   Code   RO          446    i.SystemInit        system.o
    0x00000344   0x00000344   0x00000002   Code   RO          249    i.UARTOVRHandler    handler.o
    0x00000346   0x00000346   0x00000002   PAD
    0x00000348   0x00000348   0x00000030   Code   RO          250    i.UARTRXHandler     handler.o
    0x00000378   0x00000378   0x00000002   Code   RO          251    i.UARTTXHandler     handler.o
    0x0000037a   0x0000037a   0x00000002   Code   RO          252    i.UsageFaultHandler  handler.o
    0x0000037c   0x0000037c   0x0000000e   Code   RO          554    i.__scatterload_copy  mc_w.l(handlers.o)
    0x0000038a   0x0000038a   0x00000002   Code   RO          555    i.__scatterload_null  mc_w.l(handlers.o)
    0x0000038c   0x0000038c   0x0000000e   Code   RO          556    i.__scatterload_zeroinit  mc_w.l(handlers.o)
    0x0000039a   0x0000039a   0x00000020   Code   RO           18    i.delay             cortexm3_driver.o
    0x000003ba   0x000003ba   0x00000016   Code   RO           20    i.delay_us          cortexm3_driver.o
    0x000003d0   0x000003d0   0x0000007c   Code   RO          346    i.main              main.o
    0x0000044c   0x0000044c   0x0000000c   Code   RO           21    i.send2LED          cortexm3_driver.o
    0x00000458   0x00000458   0x00000014   Code   RO           31    i.uart_ReceiveChar  cortexm3_driver.o
    0x0000046c   0x0000046c   0x00000014   Code   RO           32    i.uart_SendChar     cortexm3_driver.o
    0x00000480   0x00000480   0x00000022   Code   RO           33    i.uart_SendString   cortexm3_driver.o
    0x000004a2   0x000004a2   0x00000058   Code   RO           34    i.uart_init         cortexm3_driver.o
    0x000004fa   0x000004fa   0x00000002   PAD
    0x000004fc   0x000004fc   0x00000020   Data   RO          552    Region$$Table       anon$$obj.o


    Execution Region ER_RW (Exec base: 0x20000000, Load base: 0x0000051c, Size: 0x00000008, Max: 0xffffffff, ABSOLUTE)

    Exec Addr    Load Addr    Size         Type   Attr      Idx    E Section Name        Object

    0x20000000   0x0000051c   0x00000004   Data   RW          253    .data               handler.o
    0x20000004   0x00000520   0x00000004   Data   RW          447    .data               system.o


    Execution Region ER_ZI (Exec base: 0x20000008, Load base: 0x00000524, Size: 0x00008000, Max: 0xffffffff, ABSOLUTE)

    Exec Addr    Load Addr    Size         Type   Attr      Idx    E Section Name        Object

    0x20000008        -       0x00008000   Zero   RW          435    STACK               startup_cm3ds.o


==============================================================================

Image component sizes


      Code (inc. data)   RO Data    RW Data    ZI Data      Debug   Object Name

       336          6          0          0          0      16317   cortexm3_driver.o
       160         28          0          4          0       6463   handler.o
       124         20          0          0          0      24334   main.o
       254          0          0          0          0       5872   spi_gpio.o
       120          8         80          0      32768        944   startup_cm3ds.o
        94          8          0          4          0      24690   system.o

    ----------------------------------------------------------------------
      1094         70        112          8      32768      78620   Object Totals
         0          0         32          0          0          0   (incl. Generated)
         6          0          0          0          0          0   (incl. Padding)

    ----------------------------------------------------------------------

      Code (inc. data)   RO Data    RW Data    ZI Data      Debug   Library Member Name

         0          0          0          0          0          0   entry.o
         0          0          0          0          0          0   entry10a.o
         0          0          0          0          0          0   entry11a.o
         8          4          0          0          0          0   entry2.o
         4          0          0          0          0          0   entry5.o
         0          0          0          0          0          0   entry7b.o
         0          0          0          0          0          0   entry8b.o
         8          4          0          0          0          0   entry9a.o
        30          0          0          0          0          0   handlers.o
        36          8          0          0          0         68   init.o
        14          0          0          0          0         68   strlen.o

    ----------------------------------------------------------------------
       102         16          0          0          0        136   Library Totals
         2          0          0          0          0          0   (incl. Padding)

    ----------------------------------------------------------------------

      Code (inc. data)   RO Data    RW Data    ZI Data      Debug   Library Name

       100         16          0          0          0        136   mc_w.l

    ----------------------------------------------------------------------
       102         16          0          0          0        136   Library Totals

    ----------------------------------------------------------------------

==============================================================================


      Code (inc. data)   RO Data    RW Data    ZI Data      Debug   

      1196         86        112          8      32768      77348   Grand Totals
      1196         86        112          8      32768      77348   ELF Image Totals
      1196         86        112          8          0          0   ROM Totals

==============================================================================

    Total RO  Size (Code + RO Data)                 1308 (   1.28kB)
    Total RW  Size (RW Data + ZI Data)             32776 (  32.01kB)
    Total ROM Size (Code + RO Data + RW Data)       1316 (   1.29kB)

==============================================================================

